[2026-07-21T13:43:50.993Z] === AUTO-GENERATE STARTED ===
[2026-07-21T13:43:50.995Z] ERROR: supabaseUrl is required.
[2026-07-21T13:43:50.995Z] Telegram not configured
[2026-07-21T13:43:58.156Z] === AUTO-GENERATE STARTED ===
[2026-07-21T13:43:59.433Z] Generating: Mastering Database Indexing and Query Optimization for Large Datasets
[2026-07-21T13:44:02.195Z] Removed context from list: Mastering Database Indexing and Query Optimization for Large Datasets
[2026-07-21T13:44:03.031Z] Draft sent with buttons: mastering-database-indexing-for-large-datasets
[2026-07-21T13:44:03.031Z] === AUTO-GENERATE COMPLETED ===
[2026-07-21T13:45:22.237Z] === AUTO-GENERATE STARTED ===
[2026-07-21T13:45:23.410Z] Generating: Demystifying the Node.js Event Loop for Backend Engineers
[2026-07-21T13:45:26.275Z] Removed context from list: Demystifying the Node.js Event Loop for Backend Engineers
[2026-07-21T13:45:27.148Z] Draft sent with buttons: demystifying-the-nodejs-event-loop-for-backend-engineers
[2026-07-21T13:45:27.148Z] === AUTO-GENERATE COMPLETED ===
[2026-07-21T13:50:00.538Z] === AUTO-GENERATE STARTED ===
[2026-07-21T13:50:01.320Z] Generating: Building a Custom Authorization System Beyond Laravel Gates
[2026-07-21T13:50:04.081Z] Removed context from list: Building a Custom Authorization System Beyond Laravel Gates
[2026-07-21T13:50:04.236Z] Draft saved to Supabase: building-a-custom-authorization-system-beyond-laravel-gates
[2026-07-21T13:50:05.073Z] Draft sent with buttons: building-a-custom-authorization-system-beyond-laravel-gates
[2026-07-21T13:50:05.073Z] === AUTO-GENERATE COMPLETED ===
[2026-07-21T13:57:38.373Z] === AUTO-GENERATE STARTED ===
[2026-07-21T13:57:39.276Z] Generating: Mastering Laravel Service Container and Dependency Injection
[2026-07-21T13:57:42.715Z] Removed context from list: Mastering Laravel Service Container and Dependency Injection
[2026-07-21T13:57:42.856Z] Draft saved to Supabase: mastering-laravel-service-container-and-dependency-injection
[2026-07-21T13:57:43.770Z] Draft sent with buttons: mastering-laravel-service-container-and-dependency-injection
[2026-07-21T13:57:43.771Z] === AUTO-GENERATE COMPLETED ===
[2026-07-21T14:01:38.813Z] === AUTO-GENERATE STARTED ===
[2026-07-21T14:01:39.534Z] Generating: Comprehensive Testing Strategies for Laravel Applications
[2026-07-21T14:01:43.775Z] Removed context from list: Comprehensive Testing Strategies for Laravel Applications
[2026-07-21T14:01:43.918Z] Draft saved to Supabase: comprehensive-testing-strategies-for-laravel-applications
[2026-07-21T14:01:45.653Z] Draft sent with buttons: comprehensive-testing-strategies-for-laravel-applications
[2026-07-21T14:01:45.653Z] === AUTO-GENERATE COMPLETED ===
